// Jest Snapshot v1, https://goo.gl/fbAQLP

exports[`components Home => should render home correctly 1`] = `<HomePage />`;
